<?xml version="1.0" encoding="UTF-8"?>
<TestRun id="903a646f-d556-45ff-bbbe-b361b6a20b1d" name="HZhang27@BGC-HUIZHANG27 2012-12-08 01:36:29" runUser="DIR\HZhang27" xmlns="http://microsoft.com/schemas/VisualStudio/TeamTest/2006">
  <TestRunConfiguration name="Local Test Run" id="287d6ab1-aea9-47ca-9322-0e86b43ef892">
    <Description>This is a default test run configuration for a local test run.</Description>
    <Deployment runDeploymentRoot="D:\SMRs\BootCamp\Cabinet\CabinetSystem\TestResults\HZhang27_BGC-HUIZHANG27 2012-12-08 01_36_29">
      <DeploymentItem filename="D:\SMRs\BootCamp\Cabinet\CabinetSystem\bin\Debug\CabinetSystem.dll" />
    </Deployment>
    <TestTypeSpecific />
  </TestRunConfiguration>
  <ResultSummary outcome="Completed">
    <Counters total="18" executed="18" passed="18" error="0" failed="0" timeout="0" aborted="0" inconclusive="0" passedButRunAborted="0" notRunnable="0" notExecuted="0" disconnected="0" warning="0" completed="0" inProgress="0" pending="0" />
  </ResultSummary>
  <Times creation="2012-12-08T01:36:29.6307105+08:00" queuing="2012-12-08T01:36:31.5778219+08:00" start="2012-12-08T01:36:31.8928399+08:00" finish="2012-12-08T01:36:36.7431174+08:00" />
  <TestDefinitions>
    <UnitTest name="Store_One_Bag_When_Not_All_Cabinets_Full_Return_Ticket" storage="d:\smrs\bootcamp\cabinet\cabinettest\bin\debug\cabinettest.dll" id="a0d9b48c-c41f-dd2c-4199-0879ee5fd2be">
      <Css projectStructure="" iteration="" />
      <Owners>
        <Owner name="" />
      </Owners>
      <Execution id="76ace2bd-f7ec-4ed7-b819-ab96bea793dd" />
      <TestMethod codeBase="D:\SMRs\BootCamp\Cabinet\CabinetTest\bin\Debug\CabinetTest.dll" adapterTypeName="Microsoft.VisualStudio.TestTools.TestTypes.Unit.UnitTestAdapter, Microsoft.VisualStudio.QualityTools.Tips.UnitTest.Adapter, Version=9.0.0.0, Culture=neutral, PublicKeyToken=b03f5f7f11d50a3a" className="CabinetTest.RobotTest, CabinetTest" name="Store_One_Bag_When_Not_All_Cabinets_Full_Return_Ticket" />
    </UnitTest>
    <UnitTest name="StoreBag_In_Highest_Vacancy_Rate_Cabinet" storage="d:\smrs\bootcamp\cabinet\cabinettest\bin\debug\cabinettest.dll" id="d63eeb64-1cb5-22b4-ce0b-4ca4cf739507">
      <Css projectStructure="" iteration="" />
      <Owners>
        <Owner name="" />
      </Owners>
      <Execution id="0f43b90d-2a20-4f84-b8ca-faf1da79b3de" />
      <TestMethod codeBase="D:\SMRs\BootCamp\Cabinet\CabinetTest\bin\Debug\CabinetTest.dll" adapterTypeName="Microsoft.VisualStudio.TestTools.TestTypes.Unit.UnitTestAdapter, Microsoft.VisualStudio.QualityTools.Tips.UnitTest.Adapter, Version=9.0.0.0, Culture=neutral, PublicKeyToken=b03f5f7f11d50a3a" className="CabinetTest.SuperRobotTest, CabinetTest" name="StoreBag_In_Highest_Vacancy_Rate_Cabinet" />
    </UnitTest>
    <UnitTest name="Pick_One_Bag_When_Cabinet_Has_My_Bag_And_Give_Valid_Ticket" storage="d:\smrs\bootcamp\cabinet\cabinettest\bin\debug\cabinettest.dll" id="a3941f7d-72a4-3280-3519-01826a3ad2a6">
      <Css projectStructure="" iteration="" />
      <Owners>
        <Owner name="" />
      </Owners>
      <Execution id="5773f71d-818f-4be1-aad1-17a250eb414b" />
      <TestMethod codeBase="D:\SMRs\BootCamp\Cabinet\CabinetTest\bin\Debug\CabinetTest.dll" adapterTypeName="Microsoft.VisualStudio.TestTools.TestTypes.Unit.UnitTestAdapter, Microsoft.VisualStudio.QualityTools.Tips.UnitTest.Adapter, Version=9.0.0.0, Culture=neutral, PublicKeyToken=b03f5f7f11d50a3a" className="CabinetTest.RobotTest, CabinetTest" name="Pick_One_Bag_When_Cabinet_Has_My_Bag_And_Give_Valid_Ticket" />
    </UnitTest>
    <UnitTest name="Pick_One_Bag_When_Cabinet_Has_My_Bag_And_Give_InValid_Ticket" storage="d:\smrs\bootcamp\cabinet\cabinettest\bin\debug\cabinettest.dll" id="3c3537dd-0a85-8c09-fbce-0fe540616ae8">
      <Css projectStructure="" iteration="" />
      <Owners>
        <Owner name="" />
      </Owners>
      <Execution id="51eadb65-f51d-4ca0-9fa0-f2eeb07dcd9f" />
      <TestMethod codeBase="D:\SMRs\BootCamp\Cabinet\CabinetTest\bin\Debug\CabinetTest.dll" adapterTypeName="Microsoft.VisualStudio.TestTools.TestTypes.Unit.UnitTestAdapter, Microsoft.VisualStudio.QualityTools.Tips.UnitTest.Adapter, Version=9.0.0.0, Culture=neutral, PublicKeyToken=b03f5f7f11d50a3a" className="CabinetTest.SmartRobotTest, CabinetTest" name="Pick_One_Bag_When_Cabinet_Has_My_Bag_And_Give_InValid_Ticket" />
    </UnitTest>
    <UnitTest name="Store_One_Bag_When_All_Cabinets_Full_Return_Null_Ticket" storage="d:\smrs\bootcamp\cabinet\cabinettest\bin\debug\cabinettest.dll" id="e702d8ba-c3ee-7c5d-a320-ac2910ef859d">
      <Css projectStructure="" iteration="" />
      <Owners>
        <Owner name="" />
      </Owners>
      <Execution id="877c8b65-3367-4a65-a94d-b1e6d6db784f" />
      <TestMethod codeBase="D:\SMRs\BootCamp\Cabinet\CabinetTest\bin\Debug\CabinetTest.dll" adapterTypeName="Microsoft.VisualStudio.TestTools.TestTypes.Unit.UnitTestAdapter, Microsoft.VisualStudio.QualityTools.Tips.UnitTest.Adapter, Version=9.0.0.0, Culture=neutral, PublicKeyToken=b03f5f7f11d50a3a" className="CabinetTest.SuperRobotTest, CabinetTest" name="Store_One_Bag_When_All_Cabinets_Full_Return_Null_Ticket" />
    </UnitTest>
    <UnitTest name="Pick_One_Bag_When_Cabinet_Has_My_Bag_And_Give_Valid_Ticket" storage="d:\smrs\bootcamp\cabinet\cabinettest\bin\debug\cabinettest.dll" id="2ec0cb6a-0e2c-7b87-322a-eed8f9432ae6">
      <Css projectStructure="" iteration="" />
      <Owners>
        <Owner name="" />
      </Owners>
      <Execution id="1b44a436-880e-4e5c-b3a6-a24e118f47ed" />
      <TestMethod codeBase="D:\SMRs\BootCamp\Cabinet\CabinetTest\bin\Debug\CabinetTest.dll" adapterTypeName="Microsoft.VisualStudio.TestTools.TestTypes.Unit.UnitTestAdapter, Microsoft.VisualStudio.QualityTools.Tips.UnitTest.Adapter, Version=9.0.0.0, Culture=neutral, PublicKeyToken=b03f5f7f11d50a3a" className="CabinetTest.SmartRobotTest, CabinetTest" name="Pick_One_Bag_When_Cabinet_Has_My_Bag_And_Give_Valid_Ticket" />
    </UnitTest>
    <UnitTest name="Pick_One_Bag_When_Cabinet_Has_My_Bag_And_Give_Valid_Ticket" storage="d:\smrs\bootcamp\cabinet\cabinettest\bin\debug\cabinettest.dll" id="fc418ef8-0ecf-3c9c-9c59-e85542f2e812">
      <Css projectStructure="" iteration="" />
      <Owners>
        <Owner name="" />
      </Owners>
      <Execution id="744ab066-7e1c-47dc-9157-dcd2d0775792" />
      <TestMethod codeBase="D:\SMRs\BootCamp\Cabinet\CabinetTest\bin\Debug\CabinetTest.dll" adapterTypeName="Microsoft.VisualStudio.TestTools.TestTypes.Unit.UnitTestAdapter, Microsoft.VisualStudio.QualityTools.Tips.UnitTest.Adapter, Version=9.0.0.0, Culture=neutral, PublicKeyToken=b03f5f7f11d50a3a" className="CabinetTest.SuperRobotTest, CabinetTest" name="Pick_One_Bag_When_Cabinet_Has_My_Bag_And_Give_Valid_Ticket" />
    </UnitTest>
    <UnitTest name="Store_One_Bag_When_All_Cabinets_Full_Return_Null_Ticket" storage="d:\smrs\bootcamp\cabinet\cabinettest\bin\debug\cabinettest.dll" id="0a987830-0f93-1c95-7fa8-b94d95c4ba48">
      <Css projectStructure="" iteration="" />
      <Owners>
        <Owner name="" />
      </Owners>
      <Execution id="b18e66bf-b5c9-4bc2-9cdd-9769b2643443" />
      <TestMethod codeBase="D:\SMRs\BootCamp\Cabinet\CabinetTest\bin\Debug\CabinetTest.dll" adapterTypeName="Microsoft.VisualStudio.TestTools.TestTypes.Unit.UnitTestAdapter, Microsoft.VisualStudio.QualityTools.Tips.UnitTest.Adapter, Version=9.0.0.0, Culture=neutral, PublicKeyToken=b03f5f7f11d50a3a" className="CabinetTest.SmartRobotTest, CabinetTest" name="Store_One_Bag_When_All_Cabinets_Full_Return_Null_Ticket" />
    </UnitTest>
    <UnitTest name="Store_One_Bag_When_All_Cabinets_Full_Return_Null_Ticket" storage="d:\smrs\bootcamp\cabinet\cabinettest\bin\debug\cabinettest.dll" id="ce7f33f9-9475-1133-9989-146c2510893b">
      <Css projectStructure="" iteration="" />
      <Owners>
        <Owner name="" />
      </Owners>
      <Execution id="6fd783de-c5ca-4b08-b840-c2dd42c7ec41" />
      <TestMethod codeBase="D:\SMRs\BootCamp\Cabinet\CabinetTest\bin\Debug\CabinetTest.dll" adapterTypeName="Microsoft.VisualStudio.TestTools.TestTypes.Unit.UnitTestAdapter, Microsoft.VisualStudio.QualityTools.Tips.UnitTest.Adapter, Version=9.0.0.0, Culture=neutral, PublicKeyToken=b03f5f7f11d50a3a" className="CabinetTest.RobotTest, CabinetTest" name="Store_One_Bag_When_All_Cabinets_Full_Return_Null_Ticket" />
    </UnitTest>
    <UnitTest name="Store_One_Bag_When_Not_All_Cabinets_Full_Return_Ticket" storage="d:\smrs\bootcamp\cabinet\cabinettest\bin\debug\cabinettest.dll" id="e80522b4-fe7d-c412-7f8c-3294f406a334">
      <Css projectStructure="" iteration="" />
      <Owners>
        <Owner name="" />
      </Owners>
      <Execution id="1945666e-7ec0-4ec4-9872-95f974598fc7" />
      <TestMethod codeBase="D:\SMRs\BootCamp\Cabinet\CabinetTest\bin\Debug\CabinetTest.dll" adapterTypeName="Microsoft.VisualStudio.TestTools.TestTypes.Unit.UnitTestAdapter, Microsoft.VisualStudio.QualityTools.Tips.UnitTest.Adapter, Version=9.0.0.0, Culture=neutral, PublicKeyToken=b03f5f7f11d50a3a" className="CabinetTest.SmartRobotTest, CabinetTest" name="Store_One_Bag_When_Not_All_Cabinets_Full_Return_Ticket" />
    </UnitTest>
    <UnitTest name="Store_One_Bag_When_Not_All_Cabinets_Full_Return_Ticket" storage="d:\smrs\bootcamp\cabinet\cabinettest\bin\debug\cabinettest.dll" id="1fe40d2f-79a6-b0d2-90bd-c802dfa91d7d">
      <Css projectStructure="" iteration="" />
      <Owners>
        <Owner name="" />
      </Owners>
      <Execution id="76ef0f84-ceef-43c3-8c14-9569f06af1c3" />
      <TestMethod codeBase="D:\SMRs\BootCamp\Cabinet\CabinetTest\bin\Debug\CabinetTest.dll" adapterTypeName="Microsoft.VisualStudio.TestTools.TestTypes.Unit.UnitTestAdapter, Microsoft.VisualStudio.QualityTools.Tips.UnitTest.Adapter, Version=9.0.0.0, Culture=neutral, PublicKeyToken=b03f5f7f11d50a3a" className="CabinetTest.SuperRobotTest, CabinetTest" name="Store_One_Bag_When_Not_All_Cabinets_Full_Return_Ticket" />
    </UnitTest>
    <UnitTest name="Store_One_Bag_When_Cabinet_Full_Return_Null_Ticket" storage="d:\smrs\bootcamp\cabinet\cabinettest\bin\debug\cabinettest.dll" id="0ca6a88a-717a-7a69-dad6-f677fd020750">
      <Css projectStructure="" iteration="" />
      <Owners>
        <Owner name="" />
      </Owners>
      <Execution id="338b3f05-0b37-4306-bdf8-7bec955b19b1" />
      <TestMethod codeBase="D:\SMRs\BootCamp\Cabinet\CabinetTest\bin\Debug\CabinetTest.dll" adapterTypeName="Microsoft.VisualStudio.TestTools.TestTypes.Unit.UnitTestAdapter, Microsoft.VisualStudio.QualityTools.Tips.UnitTest.Adapter, Version=9.0.0.0, Culture=neutral, PublicKeyToken=b03f5f7f11d50a3a" className="CabinetTest.CabinetTest, CabinetTest" name="Store_One_Bag_When_Cabinet_Full_Return_Null_Ticket" />
    </UnitTest>
    <UnitTest name="Pick_Return_NULL_When_Give_InValid_Ticket" storage="d:\smrs\bootcamp\cabinet\cabinettest\bin\debug\cabinettest.dll" id="d21da168-b89d-96b9-2c8c-212fd5b4719e">
      <Css projectStructure="" iteration="" />
      <Owners>
        <Owner name="" />
      </Owners>
      <Execution id="3e7cb201-9c42-4665-818e-082dc1a8314d" />
      <TestMethod codeBase="D:\SMRs\BootCamp\Cabinet\CabinetTest\bin\Debug\CabinetTest.dll" adapterTypeName="Microsoft.VisualStudio.TestTools.TestTypes.Unit.UnitTestAdapter, Microsoft.VisualStudio.QualityTools.Tips.UnitTest.Adapter, Version=9.0.0.0, Culture=neutral, PublicKeyToken=b03f5f7f11d50a3a" className="CabinetTest.CabinetTest, CabinetTest" name="Pick_Return_NULL_When_Give_InValid_Ticket" />
    </UnitTest>
    <UnitTest name="Pick_One_Bag_When_Cabinet_Has_My_Bag_And_Give_InValid_Ticket" storage="d:\smrs\bootcamp\cabinet\cabinettest\bin\debug\cabinettest.dll" id="09b27779-2cff-c61b-5852-2cee21a5fa9a">
      <Css projectStructure="" iteration="" />
      <Owners>
        <Owner name="" />
      </Owners>
      <Execution id="22b4c6a4-d939-44b6-aa2c-b859b807e732" />
      <TestMethod codeBase="D:\SMRs\BootCamp\Cabinet\CabinetTest\bin\Debug\CabinetTest.dll" adapterTypeName="Microsoft.VisualStudio.TestTools.TestTypes.Unit.UnitTestAdapter, Microsoft.VisualStudio.QualityTools.Tips.UnitTest.Adapter, Version=9.0.0.0, Culture=neutral, PublicKeyToken=b03f5f7f11d50a3a" className="CabinetTest.SuperRobotTest, CabinetTest" name="Pick_One_Bag_When_Cabinet_Has_My_Bag_And_Give_InValid_Ticket" />
    </UnitTest>
    <UnitTest name="Pick_One_Bag_When_Cabinet_Has_My_Bag_And_Give_Valid_Ticket" storage="d:\smrs\bootcamp\cabinet\cabinettest\bin\debug\cabinettest.dll" id="cf337f3f-06fd-eff3-0301-eb555ab30e69">
      <Css projectStructure="" iteration="" />
      <Owners>
        <Owner name="" />
      </Owners>
      <Execution id="83dfe888-4d7e-40b6-8543-325125713cb0" />
      <TestMethod codeBase="D:\SMRs\BootCamp\Cabinet\CabinetTest\bin\Debug\CabinetTest.dll" adapterTypeName="Microsoft.VisualStudio.TestTools.TestTypes.Unit.UnitTestAdapter, Microsoft.VisualStudio.QualityTools.Tips.UnitTest.Adapter, Version=9.0.0.0, Culture=neutral, PublicKeyToken=b03f5f7f11d50a3a" className="CabinetTest.CabinetTest, CabinetTest" name="Pick_One_Bag_When_Cabinet_Has_My_Bag_And_Give_Valid_Ticket" />
    </UnitTest>
    <UnitTest name="StoreBag_In_MostEmpty_Cabinet" storage="d:\smrs\bootcamp\cabinet\cabinettest\bin\debug\cabinettest.dll" id="194e3b99-72c0-389d-e81a-acbfe18096fb">
      <Css projectStructure="" iteration="" />
      <Owners>
        <Owner name="" />
      </Owners>
      <Execution id="a8808dd0-f1c2-4687-81dd-7e0b928dfcf4" />
      <TestMethod codeBase="D:\SMRs\BootCamp\Cabinet\CabinetTest\bin\Debug\CabinetTest.dll" adapterTypeName="Microsoft.VisualStudio.TestTools.TestTypes.Unit.UnitTestAdapter, Microsoft.VisualStudio.QualityTools.Tips.UnitTest.Adapter, Version=9.0.0.0, Culture=neutral, PublicKeyToken=b03f5f7f11d50a3a" className="CabinetTest.SmartRobotTest, CabinetTest" name="StoreBag_In_MostEmpty_Cabinet" />
    </UnitTest>
    <UnitTest name="Store_One_Bag_When_Cabinet_Has_EmptyBox_Return_Valid_Ticket" storage="d:\smrs\bootcamp\cabinet\cabinettest\bin\debug\cabinettest.dll" id="97035d4c-58db-3eef-de98-be4571829869">
      <Css projectStructure="" iteration="" />
      <Owners>
        <Owner name="" />
      </Owners>
      <Execution id="35dc45d3-61da-4b57-baaa-e3323ff6f4c8" />
      <TestMethod codeBase="D:\SMRs\BootCamp\Cabinet\CabinetTest\bin\Debug\CabinetTest.dll" adapterTypeName="Microsoft.VisualStudio.TestTools.TestTypes.Unit.UnitTestAdapter, Microsoft.VisualStudio.QualityTools.Tips.UnitTest.Adapter, Version=9.0.0.0, Culture=neutral, PublicKeyToken=b03f5f7f11d50a3a" className="CabinetTest.CabinetTest, CabinetTest" name="Store_One_Bag_When_Cabinet_Has_EmptyBox_Return_Valid_Ticket" />
    </UnitTest>
    <UnitTest name="Pick_One_Bag_When_Cabinet_Has_My_Bag_And_Give_InValid_Ticket" storage="d:\smrs\bootcamp\cabinet\cabinettest\bin\debug\cabinettest.dll" id="9956c182-ae45-5a02-6226-f241d4a86f27">
      <Css projectStructure="" iteration="" />
      <Owners>
        <Owner name="" />
      </Owners>
      <Execution id="556acd87-d96a-403a-bfe2-b8869b93ea0b" />
      <TestMethod codeBase="D:\SMRs\BootCamp\Cabinet\CabinetTest\bin\Debug\CabinetTest.dll" adapterTypeName="Microsoft.VisualStudio.TestTools.TestTypes.Unit.UnitTestAdapter, Microsoft.VisualStudio.QualityTools.Tips.UnitTest.Adapter, Version=9.0.0.0, Culture=neutral, PublicKeyToken=b03f5f7f11d50a3a" className="CabinetTest.RobotTest, CabinetTest" name="Pick_One_Bag_When_Cabinet_Has_My_Bag_And_Give_InValid_Ticket" />
    </UnitTest>
  </TestDefinitions>
  <TestLists>
    <TestList name="Results Not in a List" id="8c84fa94-04c1-424b-9868-57a2d4851a1d" />
    <TestList name="All Loaded Results" id="19431567-8539-422a-85d7-44ee4e166bda" />
  </TestLists>
  <TestEntries>
    <TestEntry testId="09b27779-2cff-c61b-5852-2cee21a5fa9a" executionId="22b4c6a4-d939-44b6-aa2c-b859b807e732" testListId="8c84fa94-04c1-424b-9868-57a2d4851a1d" />
    <TestEntry testId="0a987830-0f93-1c95-7fa8-b94d95c4ba48" executionId="b18e66bf-b5c9-4bc2-9cdd-9769b2643443" testListId="8c84fa94-04c1-424b-9868-57a2d4851a1d" />
    <TestEntry testId="0ca6a88a-717a-7a69-dad6-f677fd020750" executionId="338b3f05-0b37-4306-bdf8-7bec955b19b1" testListId="8c84fa94-04c1-424b-9868-57a2d4851a1d" />
    <TestEntry testId="194e3b99-72c0-389d-e81a-acbfe18096fb" executionId="a8808dd0-f1c2-4687-81dd-7e0b928dfcf4" testListId="8c84fa94-04c1-424b-9868-57a2d4851a1d" />
    <TestEntry testId="1fe40d2f-79a6-b0d2-90bd-c802dfa91d7d" executionId="76ef0f84-ceef-43c3-8c14-9569f06af1c3" testListId="8c84fa94-04c1-424b-9868-57a2d4851a1d" />
    <TestEntry testId="2ec0cb6a-0e2c-7b87-322a-eed8f9432ae6" executionId="1b44a436-880e-4e5c-b3a6-a24e118f47ed" testListId="8c84fa94-04c1-424b-9868-57a2d4851a1d" />
    <TestEntry testId="3c3537dd-0a85-8c09-fbce-0fe540616ae8" executionId="51eadb65-f51d-4ca0-9fa0-f2eeb07dcd9f" testListId="8c84fa94-04c1-424b-9868-57a2d4851a1d" />
    <TestEntry testId="97035d4c-58db-3eef-de98-be4571829869" executionId="35dc45d3-61da-4b57-baaa-e3323ff6f4c8" testListId="8c84fa94-04c1-424b-9868-57a2d4851a1d" />
    <TestEntry testId="9956c182-ae45-5a02-6226-f241d4a86f27" executionId="556acd87-d96a-403a-bfe2-b8869b93ea0b" testListId="8c84fa94-04c1-424b-9868-57a2d4851a1d" />
    <TestEntry testId="a0d9b48c-c41f-dd2c-4199-0879ee5fd2be" executionId="76ace2bd-f7ec-4ed7-b819-ab96bea793dd" testListId="8c84fa94-04c1-424b-9868-57a2d4851a1d" />
    <TestEntry testId="a3941f7d-72a4-3280-3519-01826a3ad2a6" executionId="5773f71d-818f-4be1-aad1-17a250eb414b" testListId="8c84fa94-04c1-424b-9868-57a2d4851a1d" />
    <TestEntry testId="ce7f33f9-9475-1133-9989-146c2510893b" executionId="6fd783de-c5ca-4b08-b840-c2dd42c7ec41" testListId="8c84fa94-04c1-424b-9868-57a2d4851a1d" />
    <TestEntry testId="cf337f3f-06fd-eff3-0301-eb555ab30e69" executionId="83dfe888-4d7e-40b6-8543-325125713cb0" testListId="8c84fa94-04c1-424b-9868-57a2d4851a1d" />
    <TestEntry testId="d21da168-b89d-96b9-2c8c-212fd5b4719e" executionId="3e7cb201-9c42-4665-818e-082dc1a8314d" testListId="8c84fa94-04c1-424b-9868-57a2d4851a1d" />
    <TestEntry testId="d63eeb64-1cb5-22b4-ce0b-4ca4cf739507" executionId="0f43b90d-2a20-4f84-b8ca-faf1da79b3de" testListId="8c84fa94-04c1-424b-9868-57a2d4851a1d" />
    <TestEntry testId="e702d8ba-c3ee-7c5d-a320-ac2910ef859d" executionId="877c8b65-3367-4a65-a94d-b1e6d6db784f" testListId="8c84fa94-04c1-424b-9868-57a2d4851a1d" />
    <TestEntry testId="e80522b4-fe7d-c412-7f8c-3294f406a334" executionId="1945666e-7ec0-4ec4-9872-95f974598fc7" testListId="8c84fa94-04c1-424b-9868-57a2d4851a1d" />
    <TestEntry testId="fc418ef8-0ecf-3c9c-9c59-e85542f2e812" executionId="744ab066-7e1c-47dc-9157-dcd2d0775792" testListId="8c84fa94-04c1-424b-9868-57a2d4851a1d" />
  </TestEntries>
  <Results>
    <UnitTestResult executionId="22b4c6a4-d939-44b6-aa2c-b859b807e732" testId="09b27779-2cff-c61b-5852-2cee21a5fa9a" testName="Pick_One_Bag_When_Cabinet_Has_My_Bag_And_Give_InValid_Ticket" computerName="BGC-HUIZHANG27" duration="00:00:03.6070885" startTime="2012-12-08T01:36:32.0168470+08:00" endTime="2012-12-08T01:36:36.4661015+08:00" testType="13cdc9d9-ddb5-4fa4-a97d-d965ccfc6d4b" outcome="Passed" testListId="8c84fa94-04c1-424b-9868-57a2d4851a1d">
      <Output>
      </Output>
    </UnitTestResult>
    <UnitTestResult executionId="b18e66bf-b5c9-4bc2-9cdd-9769b2643443" testId="0a987830-0f93-1c95-7fa8-b94d95c4ba48" testName="Store_One_Bag_When_All_Cabinets_Full_Return_Null_Ticket" computerName="BGC-HUIZHANG27" duration="00:00:00.0021222" startTime="2012-12-08T01:36:36.4701017+08:00" endTime="2012-12-08T01:36:36.4761021+08:00" testType="13cdc9d9-ddb5-4fa4-a97d-d965ccfc6d4b" outcome="Passed" testListId="8c84fa94-04c1-424b-9868-57a2d4851a1d">
      <Output>
      </Output>
    </UnitTestResult>
    <UnitTestResult executionId="338b3f05-0b37-4306-bdf8-7bec955b19b1" testId="0ca6a88a-717a-7a69-dad6-f677fd020750" testName="Store_One_Bag_When_Cabinet_Full_Return_Null_Ticket" computerName="BGC-HUIZHANG27" duration="00:00:00.0002444" startTime="2012-12-08T01:36:36.4821024+08:00" endTime="2012-12-08T01:36:36.4871027+08:00" testType="13cdc9d9-ddb5-4fa4-a97d-d965ccfc6d4b" outcome="Passed" testListId="8c84fa94-04c1-424b-9868-57a2d4851a1d">
      <Output>
      </Output>
    </UnitTestResult>
    <UnitTestResult executionId="a8808dd0-f1c2-4687-81dd-7e0b928dfcf4" testId="194e3b99-72c0-389d-e81a-acbfe18096fb" testName="StoreBag_In_MostEmpty_Cabinet" computerName="BGC-HUIZHANG27" duration="00:00:00.0025739" startTime="2012-12-08T01:36:36.4921030+08:00" endTime="2012-12-08T01:36:36.4981033+08:00" testType="13cdc9d9-ddb5-4fa4-a97d-d965ccfc6d4b" outcome="Passed" testListId="8c84fa94-04c1-424b-9868-57a2d4851a1d">
      <Output>
      </Output>
    </UnitTestResult>
    <UnitTestResult executionId="76ef0f84-ceef-43c3-8c14-9569f06af1c3" testId="1fe40d2f-79a6-b0d2-90bd-c802dfa91d7d" testName="Store_One_Bag_When_Not_All_Cabinets_Full_Return_Ticket" computerName="BGC-HUIZHANG27" duration="00:00:00.0006890" startTime="2012-12-08T01:36:36.5021036+08:00" endTime="2012-12-08T01:36:36.5071039+08:00" testType="13cdc9d9-ddb5-4fa4-a97d-d965ccfc6d4b" outcome="Passed" testListId="8c84fa94-04c1-424b-9868-57a2d4851a1d">
      <Output>
      </Output>
    </UnitTestResult>
    <UnitTestResult executionId="1b44a436-880e-4e5c-b3a6-a24e118f47ed" testId="2ec0cb6a-0e2c-7b87-322a-eed8f9432ae6" testName="Pick_One_Bag_When_Cabinet_Has_My_Bag_And_Give_Valid_Ticket" computerName="BGC-HUIZHANG27" duration="00:00:00.0012394" startTime="2012-12-08T01:36:36.5121041+08:00" endTime="2012-12-08T01:36:36.5181045+08:00" testType="13cdc9d9-ddb5-4fa4-a97d-d965ccfc6d4b" outcome="Passed" testListId="8c84fa94-04c1-424b-9868-57a2d4851a1d">
      <Output>
      </Output>
    </UnitTestResult>
    <UnitTestResult executionId="51eadb65-f51d-4ca0-9fa0-f2eeb07dcd9f" testId="3c3537dd-0a85-8c09-fbce-0fe540616ae8" testName="Pick_One_Bag_When_Cabinet_Has_My_Bag_And_Give_InValid_Ticket" computerName="BGC-HUIZHANG27" duration="00:00:00.0006794" startTime="2012-12-08T01:36:36.5231048+08:00" endTime="2012-12-08T01:36:36.5271050+08:00" testType="13cdc9d9-ddb5-4fa4-a97d-d965ccfc6d4b" outcome="Passed" testListId="8c84fa94-04c1-424b-9868-57a2d4851a1d">
      <Output>
      </Output>
    </UnitTestResult>
    <UnitTestResult executionId="35dc45d3-61da-4b57-baaa-e3323ff6f4c8" testId="97035d4c-58db-3eef-de98-be4571829869" testName="Store_One_Bag_When_Cabinet_Has_EmptyBox_Return_Valid_Ticket" computerName="BGC-HUIZHANG27" duration="00:00:00.0002264" startTime="2012-12-08T01:36:36.5311052+08:00" endTime="2012-12-08T01:36:36.5351055+08:00" testType="13cdc9d9-ddb5-4fa4-a97d-d965ccfc6d4b" outcome="Passed" testListId="8c84fa94-04c1-424b-9868-57a2d4851a1d">
      <Output>
      </Output>
    </UnitTestResult>
    <UnitTestResult executionId="556acd87-d96a-403a-bfe2-b8869b93ea0b" testId="9956c182-ae45-5a02-6226-f241d4a86f27" testName="Pick_One_Bag_When_Cabinet_Has_My_Bag_And_Give_InValid_Ticket" computerName="BGC-HUIZHANG27" duration="00:00:00.0009045" startTime="2012-12-08T01:36:36.5401057+08:00" endTime="2012-12-08T01:36:36.5451060+08:00" testType="13cdc9d9-ddb5-4fa4-a97d-d965ccfc6d4b" outcome="Passed" testListId="8c84fa94-04c1-424b-9868-57a2d4851a1d">
      <Output>
      </Output>
    </UnitTestResult>
    <UnitTestResult executionId="76ace2bd-f7ec-4ed7-b819-ab96bea793dd" testId="a0d9b48c-c41f-dd2c-4199-0879ee5fd2be" testName="Store_One_Bag_When_Not_All_Cabinets_Full_Return_Ticket" computerName="BGC-HUIZHANG27" duration="00:00:00.0004901" startTime="2012-12-08T01:36:36.5501063+08:00" endTime="2012-12-08T01:36:36.5541065+08:00" testType="13cdc9d9-ddb5-4fa4-a97d-d965ccfc6d4b" outcome="Passed" testListId="8c84fa94-04c1-424b-9868-57a2d4851a1d">
      <Output>
      </Output>
    </UnitTestResult>
    <UnitTestResult executionId="5773f71d-818f-4be1-aad1-17a250eb414b" testId="a3941f7d-72a4-3280-3519-01826a3ad2a6" testName="Pick_One_Bag_When_Cabinet_Has_My_Bag_And_Give_Valid_Ticket" computerName="BGC-HUIZHANG27" duration="00:00:00.0006415" startTime="2012-12-08T01:36:36.5781079+08:00" endTime="2012-12-08T01:36:36.5821081+08:00" testType="13cdc9d9-ddb5-4fa4-a97d-d965ccfc6d4b" outcome="Passed" testListId="8c84fa94-04c1-424b-9868-57a2d4851a1d">
      <Output>
      </Output>
    </UnitTestResult>
    <UnitTestResult executionId="6fd783de-c5ca-4b08-b840-c2dd42c7ec41" testId="ce7f33f9-9475-1133-9989-146c2510893b" testName="Store_One_Bag_When_All_Cabinets_Full_Return_Null_Ticket" computerName="BGC-HUIZHANG27" duration="00:00:00.0005068" startTime="2012-12-08T01:36:36.5871084+08:00" endTime="2012-12-08T01:36:36.5911087+08:00" testType="13cdc9d9-ddb5-4fa4-a97d-d965ccfc6d4b" outcome="Passed" testListId="8c84fa94-04c1-424b-9868-57a2d4851a1d">
      <Output>
      </Output>
    </UnitTestResult>
    <UnitTestResult executionId="83dfe888-4d7e-40b6-8543-325125713cb0" testId="cf337f3f-06fd-eff3-0301-eb555ab30e69" testName="Pick_One_Bag_When_Cabinet_Has_My_Bag_And_Give_Valid_Ticket" computerName="BGC-HUIZHANG27" duration="00:00:00.0003457" startTime="2012-12-08T01:36:36.5961089+08:00" endTime="2012-12-08T01:36:36.6001092+08:00" testType="13cdc9d9-ddb5-4fa4-a97d-d965ccfc6d4b" outcome="Passed" testListId="8c84fa94-04c1-424b-9868-57a2d4851a1d">
      <Output>
      </Output>
    </UnitTestResult>
    <UnitTestResult executionId="3e7cb201-9c42-4665-818e-082dc1a8314d" testId="d21da168-b89d-96b9-2c8c-212fd5b4719e" testName="Pick_Return_NULL_When_Give_InValid_Ticket" computerName="BGC-HUIZHANG27" duration="00:00:00.0006178" startTime="2012-12-08T01:36:36.6081096+08:00" endTime="2012-12-08T01:36:36.6121099+08:00" testType="13cdc9d9-ddb5-4fa4-a97d-d965ccfc6d4b" outcome="Passed" testListId="8c84fa94-04c1-424b-9868-57a2d4851a1d">
      <Output>
      </Output>
    </UnitTestResult>
    <UnitTestResult executionId="0f43b90d-2a20-4f84-b8ca-faf1da79b3de" testId="d63eeb64-1cb5-22b4-ce0b-4ca4cf739507" testName="StoreBag_In_Highest_Vacancy_Rate_Cabinet" computerName="BGC-HUIZHANG27" duration="00:00:00.0008802" startTime="2012-12-08T01:36:36.6231105+08:00" endTime="2012-12-08T01:36:36.6291108+08:00" testType="13cdc9d9-ddb5-4fa4-a97d-d965ccfc6d4b" outcome="Passed" testListId="8c84fa94-04c1-424b-9868-57a2d4851a1d">
      <Output>
      </Output>
    </UnitTestResult>
    <UnitTestResult executionId="877c8b65-3367-4a65-a94d-b1e6d6db784f" testId="e702d8ba-c3ee-7c5d-a320-ac2910ef859d" testName="Store_One_Bag_When_All_Cabinets_Full_Return_Null_Ticket" computerName="BGC-HUIZHANG27" duration="00:00:00.0005863" startTime="2012-12-08T01:36:36.6351112+08:00" endTime="2012-12-08T01:36:36.6401115+08:00" testType="13cdc9d9-ddb5-4fa4-a97d-d965ccfc6d4b" outcome="Passed" testListId="8c84fa94-04c1-424b-9868-57a2d4851a1d">
      <Output>
      </Output>
    </UnitTestResult>
    <UnitTestResult executionId="1945666e-7ec0-4ec4-9872-95f974598fc7" testId="e80522b4-fe7d-c412-7f8c-3294f406a334" testName="Store_One_Bag_When_Not_All_Cabinets_Full_Return_Ticket" computerName="BGC-HUIZHANG27" duration="00:00:00.0006806" startTime="2012-12-08T01:36:36.6441117+08:00" endTime="2012-12-08T01:36:36.6481119+08:00" testType="13cdc9d9-ddb5-4fa4-a97d-d965ccfc6d4b" outcome="Passed" testListId="8c84fa94-04c1-424b-9868-57a2d4851a1d">
      <Output>
      </Output>
    </UnitTestResult>
    <UnitTestResult executionId="744ab066-7e1c-47dc-9157-dcd2d0775792" testId="fc418ef8-0ecf-3c9c-9c59-e85542f2e812" testName="Pick_One_Bag_When_Cabinet_Has_My_Bag_And_Give_Valid_Ticket" computerName="BGC-HUIZHANG27" duration="00:00:00.0007801" startTime="2012-12-08T01:36:36.6521122+08:00" endTime="2012-12-08T01:36:36.6561124+08:00" testType="13cdc9d9-ddb5-4fa4-a97d-d965ccfc6d4b" outcome="Passed" testListId="8c84fa94-04c1-424b-9868-57a2d4851a1d">
      <Output>
      </Output>
    </UnitTestResult>
  </Results>
</TestRun>